// Jest Snapshot v1, https://goo.gl/fbAQLP

exports[`HotelList should show StarRating 1`] = `
<div>
  <span
    class="sc-bczRLJ dzjrjx"
  >
    Star rating 4.5
  </span>
</div>
`;
